2026-08-24 19:31:04,793 - INFO - Matplotlib 字体设置：使用回退字体列表，首选可用字体: Noto Sans CJK SC
2026-08-24 19:31:06,702 - INFO - 使用指定 ChromeDriver: /usr/bin/chromedriver
2026-08-24 19:31:06,833 - INFO - ddddocr 识别器初始化成功
2026-08-24 19:31:06,979 - INFO - captcha-recognizer 滑块识别模型初始化成功
2026-08-24 19:31:06,979 - INFO - 开始南京大学电费监控流程（自动无头模式）
2026-08-24 19:31:06,979 - INFO - 已初始化并清空验证码图片目录: /home/runner/work/nju_electric_monitor/nju_electric_monitor/src/../data/captcha_workflow
2026-08-24 19:31:06,980 - INFO - 正在打开页面: https://epay.nju.edu.cn/epay/h5/nju/electric/index
2026-08-24 19:31:17,443 - INFO - 等待登录表单加载...
2026-08-24 19:31:17,451 - INFO - 登录表单已加载
2026-08-24 19:31:17,451 - INFO - 开始填写登录表单...
2026-08-24 19:31:17,523 - INFO - 用户名填写完成
2026-08-24 19:31:17,586 - INFO - 密码填写完成
2026-08-24 19:31:17,617 - INFO - 未检测到任何验证方式
2026-08-24 19:31:17,617 - INFO - 登录前验证方式检测: none
2026-08-24 19:31:17,617 - INFO - 未检测到传统验证码，点击登录按钮...
2026-08-24 19:31:17,617 - INFO - 查找并点击登录按钮...
2026-08-24 19:31:17,636 - INFO - 通过 ID=login_submit 找到登录按钮
2026-08-24 19:31:17,678 - INFO - 已点击登录按钮
2026-08-24 19:31:24,702 - INFO - 检测到滑块验证（sliderDiv）
2026-08-24 19:31:24,702 - INFO - 登录后验证方式检测: slider
2026-08-24 19:31:24,702 - INFO - 开始处理滑块验证...
2026-08-24 19:31:26,214 - INFO - 滑块验证第 1/3 轮尝试
2026-08-24 19:31:26,529 - INFO - 滑块缺口 box=[117,67,158,105], confidence=0.961, 截图=278px, DOM=278px, 缩放=1.00x, 拖拽偏移=117px
2026-08-24 19:31:26,530 - INFO - 滑块拖拽尝试 1/2 (偏移=117px)
2026-08-24 19:31:45,609 - INFO - 滑块验证通过（sliderDiv 元素不存在）
2026-08-24 19:31:45,609 - INFO - 滑块验证第 1 轮成功
2026-08-24 19:31:45,609 - INFO - 等待登录成功...
2026-08-24 19:31:45,619 - INFO - 检测到已跳转到电费页面: https://epay.nju.edu.cn/epay/h5/nju/electric/index
2026-08-24 19:31:45,619 - INFO - 查找'去充值'按钮...
2026-08-24 19:31:45,639 - INFO - 通过文本包含 '去充值' 找到充值按钮
2026-08-24 19:31:47,161 - INFO - 已点击充值按钮
2026-08-24 19:31:50,161 - INFO - 开始提取剩余电量信息...
2026-08-24 19:31:50,177 - INFO - 找到电量信息元素（已省略具体文本以保护隐私）
2026-08-24 19:31:50,177 - WARNING - 未在元素中找到标准格式的电量信息
2026-08-24 19:31:50,188 - INFO - 找到 i 标签中的电量信息（已省略具体文本）
2026-08-24 19:31:50,188 - WARNING - i标签中未找到标准格式的电量信息
2026-08-24 19:31:50,188 - WARNING - 未找到i标签中的电量信息
2026-08-24 19:31:50,191 - INFO - 在页面源码中查找电量信息...
2026-08-24 19:31:50,191 - INFO - 从页面源码中提取到剩余电量: 180.34 度
2026-08-24 19:31:50,200 - INFO - 数据已保存: 180.34 度
2026-08-24 19:31:50,475 - INFO - 电量变化曲线图已保存到: /home/runner/work/nju_electric_monitor/nju_electric_monitor/src/../data/electricity_trend.png
2026-08-24 19:31:50,707 - INFO - 最近20次电量变化曲线图已保存到: /home/runner/work/nju_electric_monitor/nju_electric_monitor/src/../data/recent_20_changes.png
2026-08-24 19:31:50,708 - INFO - 当前剩余电量 180.34 度，高于告警阈值 30.0 度，不发送邮件
2026-08-24 19:31:50,708 - INFO - 监控流程完成
