2026-09-03 16:58:21,698 - INFO - Matplotlib 字体设置：使用回退字体列表，首选可用字体: Noto Sans CJK SC
2026-09-03 16:58:23,598 - INFO - 使用指定 ChromeDriver: /usr/bin/chromedriver
2026-09-03 16:58:23,726 - INFO - ddddocr 识别器初始化成功
2026-09-03 16:58:23,919 - INFO - captcha-recognizer 滑块识别模型初始化成功
2026-09-03 16:58:23,919 - INFO - 开始南京大学电费监控流程（自动无头模式）
2026-09-03 16:58:23,920 - INFO - 已初始化并清空验证码图片目录: /home/runner/work/nju_electric_monitor/nju_electric_monitor/src/../data/captcha_workflow
2026-09-03 16:58:23,920 - INFO - 正在打开页面: https://epay.nju.edu.cn/epay/h5/nju/electric/index
2026-09-03 16:58:35,413 - INFO - 等待登录表单加载...
2026-09-03 16:58:35,914 - INFO - 登录表单已加载
2026-09-03 16:58:35,914 - INFO - 开始填写登录表单...
2026-09-03 16:58:35,990 - INFO - 用户名填写完成
2026-09-03 16:58:36,055 - INFO - 密码填写完成
2026-09-03 16:58:36,088 - INFO - 未检测到任何验证方式
2026-09-03 16:58:36,088 - INFO - 登录前验证方式检测: none
2026-09-03 16:58:36,088 - INFO - 未检测到传统验证码，点击登录按钮...
2026-09-03 16:58:36,088 - INFO - 查找并点击登录按钮...
2026-09-03 16:58:36,107 - INFO - 通过 ID=login_submit 找到登录按钮
2026-09-03 16:58:36,150 - INFO - 已点击登录按钮
2026-09-03 16:58:43,175 - INFO - 检测到滑块验证（sliderDiv）
2026-09-03 16:58:43,175 - INFO - 登录后验证方式检测: slider
2026-09-03 16:58:43,175 - INFO - 开始处理滑块验证...
2026-09-03 16:58:44,688 - INFO - 滑块验证第 1/3 轮尝试
2026-09-03 16:58:45,023 - INFO - 滑块缺口 box=[93,67,135,105], confidence=0.952, 截图=278px, DOM=278px, 缩放=1.00x, 拖拽偏移=93px
2026-09-03 16:58:45,023 - INFO - 滑块拖拽尝试 1/2 (偏移=93px)
2026-09-03 16:59:02,789 - INFO - 滑块验证通过（sliderDiv 元素不存在）
2026-09-03 16:59:02,790 - INFO - 滑块验证第 1 轮成功
2026-09-03 16:59:02,790 - INFO - 等待登录成功...
2026-09-03 16:59:02,799 - INFO - 检测到已跳转到电费页面: https://epay.nju.edu.cn/epay/h5/nju/electric/index
2026-09-03 16:59:02,799 - INFO - 查找'去充值'按钮...
2026-09-03 16:59:02,819 - INFO - 通过文本包含 '去充值' 找到充值按钮
2026-09-03 16:59:04,477 - INFO - 已点击充值按钮
2026-09-03 16:59:07,477 - INFO - 开始提取剩余电量信息...
2026-09-03 16:59:07,494 - INFO - 找到电量信息元素（已省略具体文本以保护隐私）
2026-09-03 16:59:07,494 - WARNING - 未在元素中找到标准格式的电量信息
2026-09-03 16:59:07,504 - INFO - 找到 i 标签中的电量信息（已省略具体文本）
2026-09-03 16:59:07,504 - WARNING - i标签中未找到标准格式的电量信息
2026-09-03 16:59:07,504 - WARNING - 未找到i标签中的电量信息
2026-09-03 16:59:07,507 - INFO - 在页面源码中查找电量信息...
2026-09-03 16:59:07,508 - INFO - 从页面源码中提取到剩余电量: 229.13 度
2026-09-03 16:59:07,516 - INFO - 数据已保存: 229.13 度
2026-09-03 16:59:07,757 - INFO - 电量变化曲线图已保存到: /home/runner/work/nju_electric_monitor/nju_electric_monitor/src/../data/electricity_trend.png
2026-09-03 16:59:07,985 - INFO - 最近20次电量变化曲线图已保存到: /home/runner/work/nju_electric_monitor/nju_electric_monitor/src/../data/recent_20_changes.png
2026-09-03 16:59:07,985 - INFO - 当前剩余电量 229.13 度，高于告警阈值 30.0 度，不发送邮件
2026-09-03 16:59:07,985 - INFO - 监控流程完成
