2026-09-05 20:58:36,983 - INFO - Matplotlib 字体设置：使用回退字体列表，首选可用字体: Noto Sans CJK SC
2026-09-05 20:58:38,923 - INFO - 使用指定 ChromeDriver: /usr/bin/chromedriver
2026-09-05 20:58:39,047 - INFO - ddddocr 识别器初始化成功
2026-09-05 20:58:39,205 - INFO - captcha-recognizer 滑块识别模型初始化成功
2026-09-05 20:58:39,205 - INFO - 开始南京大学电费监控流程（自动无头模式）
2026-09-05 20:58:39,205 - INFO - 已初始化并清空验证码图片目录: /home/runner/work/nju_electric_monitor/nju_electric_monitor/src/../data/captcha_workflow
2026-09-05 20:58:39,205 - INFO - 正在打开页面: https://epay.nju.edu.cn/epay/h5/nju/electric/index
2026-09-05 20:58:52,408 - INFO - 等待登录表单加载...
2026-09-05 20:58:52,417 - INFO - 登录表单已加载
2026-09-05 20:58:52,417 - INFO - 开始填写登录表单...
2026-09-05 20:58:52,501 - INFO - 用户名填写完成
2026-09-05 20:58:52,570 - INFO - 密码填写完成
2026-09-05 20:58:52,602 - INFO - 未检测到任何验证方式
2026-09-05 20:58:52,602 - INFO - 登录前验证方式检测: none
2026-09-05 20:58:52,603 - INFO - 未检测到传统验证码，点击登录按钮...
2026-09-05 20:58:52,603 - INFO - 查找并点击登录按钮...
2026-09-05 20:58:52,622 - INFO - 通过 ID=login_submit 找到登录按钮
2026-09-05 20:58:52,667 - INFO - 已点击登录按钮
2026-09-05 20:58:59,692 - INFO - 检测到滑块验证（sliderDiv）
2026-09-05 20:58:59,692 - INFO - 登录后验证方式检测: slider
2026-09-05 20:58:59,692 - INFO - 开始处理滑块验证...
2026-09-05 20:59:01,205 - INFO - 滑块验证第 1/3 轮尝试
2026-09-05 20:59:01,519 - INFO - 滑块缺口 box=[181,12,227,50], confidence=0.953, 截图=278px, DOM=278px, 缩放=1.00x, 拖拽偏移=181px
2026-09-05 20:59:01,519 - INFO - 滑块拖拽尝试 1/2 (偏移=181px)
2026-09-05 20:59:19,578 - WARNING - 滑块拖拽第 1 次未通过验证
2026-09-05 20:59:20,578 - INFO - 滑块拖拽尝试 2/2 (偏移=181px)
2026-09-05 20:59:38,895 - WARNING - 滑块拖拽第 2 次未通过验证
2026-09-05 20:59:38,895 - ERROR - 滑块验证 2 次尝试均失败
2026-09-05 20:59:38,895 - WARNING - 第 1 轮滑块拖拽失败
2026-09-05 20:59:39,895 - INFO - 滑块验证第 2/3 轮尝试
2026-09-05 20:59:40,267 - INFO - 滑块缺口 box=[160,11,202,50], confidence=0.956, 截图=280px, DOM=280px, 缩放=1.00x, 拖拽偏移=160px
2026-09-05 20:59:40,267 - INFO - 滑块拖拽尝试 1/2 (偏移=160px)
2026-09-05 21:00:02,617 - INFO - 滑块验证通过（sliderDiv 元素不存在）
2026-09-05 21:00:02,617 - INFO - 滑块验证第 2 轮成功
2026-09-05 21:00:02,617 - INFO - 等待登录成功...
2026-09-05 21:00:02,628 - INFO - 检测到已跳转到电费页面: https://epay.nju.edu.cn/epay/h5/nju/electric/index
2026-09-05 21:00:02,628 - INFO - 查找'去充值'按钮...
2026-09-05 21:00:02,649 - INFO - 通过文本包含 '去充值' 找到充值按钮
2026-09-05 21:00:04,737 - INFO - 已点击充值按钮
2026-09-05 21:00:07,737 - INFO - 开始提取剩余电量信息...
2026-09-05 21:00:07,755 - INFO - 找到电量信息元素（已省略具体文本以保护隐私）
2026-09-05 21:00:07,756 - WARNING - 未在元素中找到标准格式的电量信息
2026-09-05 21:00:07,767 - INFO - 找到 i 标签中的电量信息（已省略具体文本）
2026-09-05 21:00:07,767 - WARNING - i标签中未找到标准格式的电量信息
2026-09-05 21:00:07,767 - WARNING - 未找到i标签中的电量信息
2026-09-05 21:00:07,770 - INFO - 在页面源码中查找电量信息...
2026-09-05 21:00:07,770 - INFO - 从页面源码中提取到剩余电量: 200.55 度
2026-09-05 21:00:07,779 - INFO - 数据已保存: 200.55 度
2026-09-05 21:00:08,040 - INFO - 电量变化曲线图已保存到: /home/runner/work/nju_electric_monitor/nju_electric_monitor/src/../data/electricity_trend.png
2026-09-05 21:00:08,276 - INFO - 最近20次电量变化曲线图已保存到: /home/runner/work/nju_electric_monitor/nju_electric_monitor/src/../data/recent_20_changes.png
2026-09-05 21:00:08,276 - INFO - 当前剩余电量 200.55 度，高于告警阈值 30.0 度，不发送邮件
2026-09-05 21:00:08,276 - INFO - 监控流程完成
