2026-09-15 17:31:07,301 - INFO - Matplotlib 字体设置：使用回退字体列表，首选可用字体: Noto Sans CJK SC
2026-09-15 17:31:09,243 - INFO - 使用指定 ChromeDriver: /usr/bin/chromedriver
2026-09-15 17:31:09,373 - INFO - ddddocr 识别器初始化成功
2026-09-15 17:31:09,553 - INFO - captcha-recognizer 滑块识别模型初始化成功
2026-09-15 17:31:09,553 - INFO - 开始南京大学电费监控流程（自动无头模式）
2026-09-15 17:31:09,553 - INFO - 已初始化并清空验证码图片目录: /home/runner/work/nju_electric_monitor/nju_electric_monitor/src/../data/captcha_workflow
2026-09-15 17:31:09,553 - INFO - 正在打开页面: https://epay.nju.edu.cn/epay/h5/nju/electric/index
2026-09-15 17:31:21,751 - INFO - 等待登录表单加载...
2026-09-15 17:31:21,760 - INFO - 登录表单已加载
2026-09-15 17:31:21,760 - INFO - 开始填写登录表单...
2026-09-15 17:31:21,833 - INFO - 用户名填写完成
2026-09-15 17:31:21,898 - INFO - 密码填写完成
2026-09-15 17:31:21,929 - INFO - 未检测到任何验证方式
2026-09-15 17:31:21,929 - INFO - 登录前验证方式检测: none
2026-09-15 17:31:21,929 - INFO - 未检测到传统验证码，点击登录按钮...
2026-09-15 17:31:21,929 - INFO - 查找并点击登录按钮...
2026-09-15 17:31:21,948 - INFO - 通过 ID=login_submit 找到登录按钮
2026-09-15 17:31:21,992 - INFO - 已点击登录按钮
2026-09-15 17:31:29,016 - INFO - 检测到滑块验证（sliderDiv）
2026-09-15 17:31:29,016 - INFO - 登录后验证方式检测: slider
2026-09-15 17:31:29,017 - INFO - 开始处理滑块验证...
2026-09-15 17:31:30,529 - INFO - 滑块验证第 1/3 轮尝试
2026-09-15 17:31:30,855 - INFO - 滑块缺口 box=[114,67,155,105], confidence=0.947, 截图=278px, DOM=278px, 缩放=1.00x, 拖拽偏移=114px
2026-09-15 17:31:30,855 - INFO - 滑块拖拽尝试 1/2 (偏移=114px)
2026-09-15 17:31:50,175 - INFO - 滑块验证通过（sliderDiv 元素不存在）
2026-09-15 17:31:50,175 - INFO - 滑块验证第 1 轮成功
2026-09-15 17:31:50,175 - INFO - 等待登录成功...
2026-09-15 17:31:50,185 - INFO - 检测到已跳转到电费页面: https://epay.nju.edu.cn/epay/h5/nju/electric/index
2026-09-15 17:31:50,185 - INFO - 查找'去充值'按钮...
2026-09-15 17:31:50,205 - INFO - 通过文本包含 '去充值' 找到充值按钮
2026-09-15 17:31:51,977 - INFO - 已点击充值按钮
2026-09-15 17:31:54,977 - INFO - 开始提取剩余电量信息...
2026-09-15 17:31:54,998 - INFO - 找到电量信息元素（已省略具体文本以保护隐私）
2026-09-15 17:31:54,998 - WARNING - 未在元素中找到标准格式的电量信息
2026-09-15 17:31:55,009 - INFO - 找到 i 标签中的电量信息（已省略具体文本）
2026-09-15 17:31:55,010 - WARNING - i标签中未找到标准格式的电量信息
2026-09-15 17:31:55,010 - WARNING - 未找到i标签中的电量信息
2026-09-15 17:31:55,016 - INFO - 在页面源码中查找电量信息...
2026-09-15 17:31:55,016 - INFO - 从页面源码中提取到剩余电量: 205.77 度
2026-09-15 17:31:55,028 - INFO - 数据已保存: 205.77 度
2026-09-15 17:31:55,267 - INFO - 电量变化曲线图已保存到: /home/runner/work/nju_electric_monitor/nju_electric_monitor/src/../data/electricity_trend.png
2026-09-15 17:31:55,503 - INFO - 最近20次电量变化曲线图已保存到: /home/runner/work/nju_electric_monitor/nju_electric_monitor/src/../data/recent_20_changes.png
2026-09-15 17:31:55,504 - INFO - 当前剩余电量 205.77 度，高于告警阈值 30.0 度，不发送邮件
2026-09-15 17:31:55,504 - INFO - 监控流程完成
