2026-09-28 23:46:19,367 - INFO - Matplotlib 字体设置：使用回退字体列表，首选可用字体: Noto Sans CJK SC
2026-09-28 23:46:20,517 - INFO - 使用指定 ChromeDriver: /usr/bin/chromedriver
2026-09-28 23:46:20,556 - INFO - ddddocr 识别器初始化成功
2026-09-28 23:46:20,728 - INFO - captcha-recognizer 滑块识别模型初始化成功
2026-09-28 23:46:20,729 - INFO - 开始南京大学电费监控流程（自动无头模式）
2026-09-28 23:46:20,729 - INFO - 已初始化并清空验证码图片目录: /home/runner/work/nju_electric_monitor/nju_electric_monitor/src/../data/captcha_workflow
2026-09-28 23:46:20,729 - INFO - 正在打开页面: https://epay.nju.edu.cn/epay/h5/nju/electric/index
2026-09-28 23:46:28,718 - INFO - 等待登录表单加载...
2026-09-28 23:46:28,726 - INFO - 登录表单已加载
2026-09-28 23:46:28,726 - INFO - 开始填写登录表单...
2026-09-28 23:46:28,784 - INFO - 用户名填写完成
2026-09-28 23:46:28,837 - INFO - 密码填写完成
2026-09-28 23:46:28,861 - INFO - 未检测到任何验证方式
2026-09-28 23:46:28,862 - INFO - 登录前验证方式检测: none
2026-09-28 23:46:28,862 - INFO - 未检测到传统验证码，点击登录按钮...
2026-09-28 23:46:28,862 - INFO - 查找并点击登录按钮...
2026-09-28 23:46:28,876 - INFO - 通过 ID=login_submit 找到登录按钮
2026-09-28 23:46:28,909 - INFO - 已点击登录按钮
2026-09-28 23:46:35,937 - INFO - 检测到滑块验证（sliderDiv）
2026-09-28 23:46:35,937 - INFO - 登录后验证方式检测: slider
2026-09-28 23:46:35,937 - INFO - 开始处理滑块验证...
2026-09-28 23:46:37,449 - INFO - 滑块验证第 1/3 轮尝试
2026-09-28 23:46:37,663 - INFO - 滑块缺口 box=[121,12,162,50], confidence=0.952, 截图=278px, DOM=278px, 缩放=1.00x, 拖拽偏移=121px
2026-09-28 23:46:37,663 - INFO - 滑块拖拽尝试 1/2 (偏移=121px)
2026-09-28 23:46:57,073 - INFO - 滑块验证通过（sliderDiv 元素不存在）
2026-09-28 23:46:57,073 - INFO - 滑块验证第 1 轮成功
2026-09-28 23:46:57,073 - INFO - 等待登录成功...
2026-09-28 23:46:57,091 - INFO - 检测到已跳转到电费页面: https://epay.nju.edu.cn/epay/h5/nju/electric/index
2026-09-28 23:46:57,091 - INFO - 查找'去充值'按钮...
2026-09-28 23:46:57,108 - INFO - 通过文本包含 '去充值' 找到充值按钮
2026-09-28 23:46:58,258 - INFO - 已点击充值按钮
2026-09-28 23:47:01,258 - INFO - 开始提取剩余电量信息...
2026-09-28 23:47:01,271 - WARNING - 未找到电量信息元素，尝试其他方法...
2026-09-28 23:47:01,276 - WARNING - 未找到i标签中的电量信息，尝试其他方法...
2026-09-28 23:47:01,278 - INFO - 在页面源码中查找电量信息...
2026-09-28 23:47:01,283 - WARNING - 未能提取到剩余电量信息
2026-09-28 23:47:01,283 - ERROR - 提取剩余电量失败，认为本次监控流程未成功，将交由上层重试
