2026-09-02 21:38:09,306 - WARNING - findfont: Font family ['Noto Sans CJK SC'] not found. Falling back to DejaVu Sans.
2026-09-02 21:38:09,307 - INFO - Matplotlib 字体设置：使用回退字体列表，首选可用字体: Noto Sans CJK SC
2026-09-02 21:38:39,344 - WARNING - 使用指定 ChromeDriver 失败 (/usr/bin/chromedriver): Message: Can not connect to the Service /usr/bin/chromedriver
，尝试使用 Selenium Manager 自动管理驱动
2026-09-02 21:38:41,540 - INFO - 已切换为 Selenium Manager 自动管理的 ChromeDriver
2026-09-02 21:38:41,667 - INFO - ddddocr 识别器初始化成功
2026-09-02 21:38:41,816 - INFO - captcha-recognizer 滑块识别模型初始化成功
2026-09-02 21:38:41,816 - INFO - 开始南京大学电费监控流程（自动无头模式）
2026-09-02 21:38:41,816 - INFO - 已初始化并清空验证码图片目录: /home/runner/work/nju_electric_monitor/nju_electric_monitor/src/../data/captcha_workflow
2026-09-02 21:38:41,816 - INFO - 正在打开页面: https://epay.nju.edu.cn/epay/h5/nju/electric/index
2026-09-02 21:38:50,054 - INFO - 等待登录表单加载...
2026-09-02 21:38:50,801 - INFO - 登录表单已加载
2026-09-02 21:38:50,801 - INFO - 开始填写登录表单...
2026-09-02 21:38:50,931 - INFO - 用户名填写完成
2026-09-02 21:38:51,019 - INFO - 密码填写完成
2026-09-02 21:38:51,067 - INFO - 未检测到任何验证方式
2026-09-02 21:38:51,068 - INFO - 登录前验证方式检测: none
2026-09-02 21:38:51,068 - INFO - 未检测到传统验证码，点击登录按钮...
2026-09-02 21:38:51,068 - INFO - 查找并点击登录按钮...
2026-09-02 21:38:51,086 - INFO - 通过 ID=login_submit 找到登录按钮
2026-09-02 21:38:51,133 - INFO - 已点击登录按钮
2026-09-02 21:38:58,159 - INFO - 检测到滑块验证（sliderDiv）
2026-09-02 21:38:58,159 - INFO - 登录后验证方式检测: slider
2026-09-02 21:38:58,159 - INFO - 开始处理滑块验证...
2026-09-02 21:38:59,671 - INFO - 滑块验证第 1/3 轮尝试
2026-09-02 21:39:00,058 - INFO - 滑块缺口 box=[154,52,195,89], confidence=0.946, 截图=278px, DOM=278px, 缩放=1.00x, 拖拽偏移=154px
2026-09-02 21:39:00,058 - INFO - 滑块拖拽尝试 1/2 (偏移=154px)
2026-09-02 21:39:21,271 - INFO - 滑块验证通过（sliderDiv 元素不存在）
2026-09-02 21:39:21,271 - INFO - 滑块验证第 1 轮成功
2026-09-02 21:39:21,271 - INFO - 等待登录成功...
2026-09-02 21:39:21,279 - INFO - 检测到已跳转到电费页面: https://epay.nju.edu.cn/epay/h5/nju/electric/index
2026-09-02 21:39:21,279 - INFO - 查找'去充值'按钮...
2026-09-02 21:39:21,328 - INFO - 通过文本包含 '去充值' 找到充值按钮
2026-09-02 21:39:23,746 - INFO - 已点击充值按钮
2026-09-02 21:39:26,746 - INFO - 开始提取剩余电量信息...
2026-09-02 21:39:26,762 - INFO - 找到电量信息元素（已省略具体文本以保护隐私）
2026-09-02 21:39:26,762 - WARNING - 未在元素中找到标准格式的电量信息
2026-09-02 21:39:26,772 - INFO - 找到 i 标签中的电量信息（已省略具体文本）
2026-09-02 21:39:26,772 - WARNING - i标签中未找到标准格式的电量信息
2026-09-02 21:39:26,772 - WARNING - 未找到i标签中的电量信息
2026-09-02 21:39:26,775 - INFO - 在页面源码中查找电量信息...
2026-09-02 21:39:26,775 - INFO - 从页面源码中提取到剩余电量: 245.79 度
2026-09-02 21:39:26,784 - INFO - 数据已保存: 245.79 度
2026-09-02 21:39:26,808 - WARNING - findfont: Font family 'Noto Sans CJK SC' not found.
2026-09-02 21:39:26,809 - WARNING - findfont: Font family 'Noto Sans CJK SC' not found.
2026-09-02 21:39:26,823 - WARNING - findfont: Font family 'Noto Sans CJK SC' not found.
2026-09-02 21:39:26,824 - WARNING - findfont: Font family 'Noto Sans CJK SC' not found.
2026-09-02 21:39:26,828 - WARNING - findfont: Font family 'Noto Sans CJK SC' not found.
2026-09-02 21:39:26,829 - WARNING - findfont: Font family 'Noto Sans CJK SC' not found.
2026-09-02 21:39:26,830 - WARNING - findfont: Font family 'Noto Sans CJK SC' not found.
2026-09-02 21:39:26,832 - WARNING - findfont: Font family 'Noto Sans CJK SC' not found.
2026-09-02 21:39:26,837 - WARNING - findfont: Font family 'Noto Sans CJK SC' not found.
2026-09-02 21:39:26,840 - WARNING - findfont: Font family 'Noto Sans CJK SC' not found.
2026-09-02 21:39:26,843 - WARNING - findfont: Font family 'Noto Sans CJK SC' not found.
2026-09-02 21:39:26,844 - WARNING - findfont: Font family 'Noto Sans CJK SC' not found.
2026-09-02 21:39:26,844 - WARNING - findfont: Font family 'Noto Sans CJK SC' not found.
2026-09-02 21:39:26,850 - WARNING - findfont: Font family 'Noto Sans CJK SC' not found.
2026-09-02 21:39:26,850 - WARNING - findfont: Font family 'Noto Sans CJK SC' not found.
2026-09-02 21:39:26,856 - WARNING - findfont: Font family 'Noto Sans CJK SC' not found.
2026-09-02 21:39:26,861 - WARNING - findfont: Font family 'Noto Sans CJK SC' not found.
2026-09-02 21:39:26,861 - WARNING - findfont: Font family 'Noto Sans CJK SC' not found.
2026-09-02 21:39:26,865 - WARNING - findfont: Font family 'Noto Sans CJK SC' not found.
2026-09-02 21:39:26,868 - WARNING - findfont: Font family 'Noto Sans CJK SC' not found.
2026-09-02 21:39:26,871 - WARNING - findfont: Font family 'Noto Sans CJK SC' not found.
2026-09-02 21:39:26,871 - WARNING - findfont: Font family 'Noto Sans CJK SC' not found.
2026-09-02 21:39:26,872 - WARNING - findfont: Font family 'Noto Sans CJK SC' not found.
2026-09-02 21:39:26,882 - WARNING - findfont: Font family 'Noto Sans CJK SC' not found.
2026-09-02 21:39:26,882 - WARNING - findfont: Font family 'Noto Sans CJK SC' not found.
2026-09-02 21:39:26,884 - WARNING - findfont: Font family 'Noto Sans CJK SC' not found.
2026-09-02 21:39:26,884 - WARNING - findfont: Font family 'Noto Sans CJK SC' not found.
2026-09-02 21:39:26,906 - WARNING - findfont: Font family 'Noto Sans CJK SC' not found.
2026-09-02 21:39:26,906 - WARNING - findfont: Font family 'Noto Sans CJK SC' not found.
2026-09-02 21:39:26,907 - WARNING - findfont: Font family 'Noto Sans CJK SC' not found.
2026-09-02 21:39:26,919 - WARNING - findfont: Font family 'Noto Sans CJK SC' not found.
2026-09-02 21:39:26,919 - WARNING - findfont: Font family 'Noto Sans CJK SC' not found.
2026-09-02 21:39:26,923 - WARNING - findfont: Font family 'Noto Sans CJK SC' not found.
2026-09-02 21:39:26,923 - WARNING - findfont: Font family 'Noto Sans CJK SC' not found.
2026-09-02 21:39:26,988 - WARNING - findfont: Font family 'Noto Sans CJK SC' not found.
2026-09-02 21:39:26,988 - WARNING - findfont: Font family 'Noto Sans CJK SC' not found.
2026-09-02 21:39:26,990 - WARNING - findfont: Font family 'Noto Sans CJK SC' not found.
2026-09-02 21:39:26,990 - WARNING - findfont: Font family 'Noto Sans CJK SC' not found.
2026-09-02 21:39:27,012 - WARNING - findfont: Font family 'Noto Sans CJK SC' not found.
2026-09-02 21:39:27,013 - WARNING - findfont: Font family 'Noto Sans CJK SC' not found.
2026-09-02 21:39:27,014 - WARNING - findfont: Font family 'Noto Sans CJK SC' not found.
2026-09-02 21:39:27,026 - WARNING - findfont: Font family 'Noto Sans CJK SC' not found.
2026-09-02 21:39:27,026 - WARNING - findfont: Font family 'Noto Sans CJK SC' not found.
2026-09-02 21:39:27,030 - WARNING - findfont: Font family 'Noto Sans CJK SC' not found.
2026-09-02 21:39:27,030 - WARNING - findfont: Font family 'Noto Sans CJK SC' not found.
2026-09-02 21:39:27,032 - INFO - 电量变化曲线图已保存到: /home/runner/work/nju_electric_monitor/nju_electric_monitor/src/../data/electricity_trend.png
2026-09-02 21:39:27,272 - INFO - 最近20次电量变化曲线图已保存到: /home/runner/work/nju_electric_monitor/nju_electric_monitor/src/../data/recent_20_changes.png
2026-09-02 21:39:27,272 - INFO - 当前剩余电量 245.79 度，高于告警阈值 30.0 度，不发送邮件
2026-09-02 21:39:27,272 - INFO - 监控流程完成
