Wrapper start: 2026-09-03T05:38:07.937811+08:00

=== ENVIRONMENT SUMMARY ===
Environment variable keys (count=130):
- ACCEPT_EULA
- ACTIONS_ORCHESTRATION_ID
- ACTIONS_RUNNER_ACTION_ARCHIVE_CACHE
- ACTIONS_RUNNER_RETURN_JOB_RESULT_FOR_HOSTED
- AGENT_TOOLSDIRECTORY
- ANDROID_HOME
- ANDROID_NDK
- ANDROID_NDK_HOME
- ANDROID_NDK_LATEST_HOME
- ANDROID_NDK_ROOT
NJU_USERNAME set: yes
NJU_PASSWORD set: yes

=== DISK USAGE (df -h) ===
Filesystem      Size  Used Avail Use% Mounted on
/dev/root       145G   62G   83G  43% /
tmpfs           7.9G     0  7.9G   0% /dev/shm
tmpfs           3.2G  2.3M  3.2G   1% /run
tmpfs           5.0M     0  5.0M   0% /run/lock
efivarfs        128M   32K  128M   1% /sys/firmware/efi/efivars
/dev/sda16      881M   64M  756M   8% /boot
/dev/sda15      105M  6.2M   99M   6% /boot/efi
tmpfs           1.6G   12K  1.6G   1% /run/user/1001


=== KEY DIR SIZES ===
2.4M	/home/runner/work/nju_electric_monitor/nju_electric_monitor/src/../logs

328K	/home/runner/work/nju_electric_monitor/nju_electric_monitor/src/../data

101M	/home/runner/work/nju_electric_monitor/nju_electric_monitor/src/../models


=== CONFIG_WORKFLOW SUMMARY ===
{
  "username": "",
  "password": "",
  "auto_login": true,
  "headless_mode": true,
  "captcha_retry_count": 4,
  "save_captcha_images": true,
  "log_level": "INFO",
  "test_mode": false,
  "enable_email_alert": true,
  "alert_threshold_warn": 30,
  "alert_threshold_high": 20,
  "alert_threshold_critical": 10
}

=== FONT DIAGNOSTICS ===
Found system fonts (ttf) count: 53
- /usr/share/fonts/truetype/lato/Lato-Bold.ttf
- /usr/share/fonts/truetype/liberation/LiberationMono-Bold.ttf
- /usr/share/fonts/truetype/lato/Lato-LightItalic.ttf
- /usr/share/fonts/truetype/lato/Lato-BlackItalic.ttf
- /usr/share/fonts/truetype/dejavu/DejaVuSansMono-Oblique.ttf
- /usr/share/fonts/truetype/liberation/LiberationSerif-Regular.ttf
- /usr/share/fonts/truetype/dejavu/DejaVuSansMono.ttf
- /usr/share/fonts/truetype/dejavu/DejaVuSansCondensed-Oblique.ttf
- /usr/share/fonts/truetype/dejavu/DejaVuSans.ttf
- /usr/share/fonts/truetype/dejavu/DejaVuSansCondensed.ttf
- /usr/share/fonts/truetype/dejavu/DejaVuSerif-Italic.ttf
- /usr/share/fonts/truetype/dejavu/DejaVuSerif-Bold.ttf
- /usr/share/fonts/truetype/dejavu/DejaVuSans-Oblique.ttf
- /usr/share/fonts/truetype/liberation/LiberationSans-BoldItalic.ttf
- /usr/share/fonts/truetype/dejavu/DejaVuSansMono-BoldOblique.ttf
- /usr/share/fonts/truetype/lato/Lato-Medium.ttf
- /usr/share/fonts/truetype/lato/Lato-SemiboldItalic.ttf
- /usr/share/fonts/truetype/lato/Lato-Hairline.ttf
- /usr/share/fonts/truetype/dejavu/DejaVuSerifCondensed.ttf
- /usr/share/fonts/truetype/liberation/LiberationMono-Regular.ttf
- /usr/share/fonts/truetype/lato/Lato-Light.ttf
- /usr/share/fonts/truetype/dejavu/DejaVuSansMono-Bold.ttf
- /usr/share/fonts/truetype/noto/NotoColorEmoji.ttf
- /usr/share/fonts/truetype/lato/Lato-HeavyItalic.ttf
- /usr/share/fonts/truetype/liberation/LiberationSans-Bold.ttf
- /usr/share/fonts/truetype/lato/Lato-Thin.ttf
- /usr/share/fonts/truetype/lato/Lato-Black.ttf
- /usr/share/fonts/truetype/lato/Lato-Semibold.ttf
- /usr/share/fonts/truetype/liberation/LiberationSans-Regular.ttf
- /usr/share/fonts/truetype/dejavu/DejaVuSerif.ttf
- /usr/share/fonts/truetype/dejavu/DejaVuSans-ExtraLight.ttf
- /usr/share/fonts/truetype/lato/Lato-Heavy.ttf
- /usr/share/fonts/truetype/dejavu/DejaVuSansCondensed-BoldOblique.ttf
- /usr/share/fonts/truetype/dejavu/DejaVuSans-Bold.ttf
- /usr/share/fonts/truetype/lato/Lato-MediumItalic.ttf
- /usr/share/fonts/truetype/lato/Lato-HairlineItalic.ttf
- /usr/share/fonts/truetype/lato/Lato-Regular.ttf
- /usr/share/fonts/truetype/liberation/LiberationMono-BoldItalic.ttf
- /usr/share/fonts/truetype/dejavu/DejaVuSans-BoldOblique.ttf
- /usr/share/fonts/truetype/dejavu/DejaVuSansCondensed-Bold.ttf
- /usr/share/fonts/truetype/lato/Lato-ThinItalic.ttf
- /usr/share/fonts/truetype/lato/Lato-BoldItalic.ttf
- /usr/share/fonts/truetype/liberation/LiberationSans-Italic.ttf
- /usr/share/fonts/truetype/dejavu/DejaVuSerifCondensed-Italic.ttf
- /usr/share/fonts/truetype/dejavu/DejaVuMathTeXGyre.ttf
- /usr/share/fonts/truetype/liberation/LiberationSerif-Bold.ttf
- /usr/share/fonts/truetype/lato/Lato-Italic.ttf
- /usr/share/fonts/truetype/dejavu/DejaVuSerifCondensed-BoldItalic.ttf
- /usr/share/fonts/truetype/liberation/LiberationSerif-BoldItalic.ttf
- /usr/share/fonts/truetype/dejavu/DejaVuSerifCondensed-Bold.ttf

FontManager samples (name -> path):
DejaVu Serif -> /opt/hostedtoolcache/Python/3.11.16/x64/lib/python3.11/site-packages/matplotlib/mpl-data/fonts/ttf/DejaVuSerif.ttf
DejaVu Sans Mono -> /opt/hostedtoolcache/Python/3.11.16/x64/lib/python3.11/site-packages/matplotlib/mpl-data/fonts/ttf/DejaVuSansMono-Bold.ttf
STIXGeneral -> /opt/hostedtoolcache/Python/3.11.16/x64/lib/python3.11/site-packages/matplotlib/mpl-data/fonts/ttf/STIXGeneralBol.ttf
Last Resort High-Efficiency -> /opt/hostedtoolcache/Python/3.11.16/x64/lib/python3.11/site-packages/matplotlib/mpl-data/fonts/ttf/LastResortHE-Regular.ttf
STIXSizeFourSym -> /opt/hostedtoolcache/Python/3.11.16/x64/lib/python3.11/site-packages/matplotlib/mpl-data/fonts/ttf/STIXSizFourSymReg.ttf
STIXGeneral -> /opt/hostedtoolcache/Python/3.11.16/x64/lib/python3.11/site-packages/matplotlib/mpl-data/fonts/ttf/STIXGeneral.ttf
DejaVu Serif -> /opt/hostedtoolcache/Python/3.11.16/x64/lib/python3.11/site-packages/matplotlib/mpl-data/fonts/ttf/DejaVuSerif-BoldItalic.ttf
STIXSizeTwoSym -> /opt/hostedtoolcache/Python/3.11.16/x64/lib/python3.11/site-packages/matplotlib/mpl-data/fonts/ttf/STIXSizTwoSymReg.ttf
DejaVu Sans Mono -> /opt/hostedtoolcache/Python/3.11.16/x64/lib/python3.11/site-packages/matplotlib/mpl-data/fonts/ttf/DejaVuSansMono-BoldOblique.ttf
cmex10 -> /opt/hostedtoolcache/Python/3.11.16/x64/lib/python3.11/site-packages/matplotlib/mpl-data/fonts/ttf/cmex10.ttf
STIXGeneral -> /opt/hostedtoolcache/Python/3.11.16/x64/lib/python3.11/site-packages/matplotlib/mpl-data/fonts/ttf/STIXGeneralBolIta.ttf
STIXNonUnicode -> /opt/hostedtoolcache/Python/3.11.16/x64/lib/python3.11/site-packages/matplotlib/mpl-data/fonts/ttf/STIXNonUniBol.ttf
DejaVu Serif Display -> /opt/hostedtoolcache/Python/3.11.16/x64/lib/python3.11/site-packages/matplotlib/mpl-data/fonts/ttf/DejaVuSerifDisplay.ttf
cmb10 -> /opt/hostedtoolcache/Python/3.11.16/x64/lib/python3.11/site-packages/matplotlib/mpl-data/fonts/ttf/cmb10.ttf
STIXSizeThreeSym -> /opt/hostedtoolcache/Python/3.11.16/x64/lib/python3.11/site-packages/matplotlib/mpl-data/fonts/ttf/STIXSizThreeSymBol.ttf
STIXSizeFiveSym -> /opt/hostedtoolcache/Python/3.11.16/x64/lib/python3.11/site-packages/matplotlib/mpl-data/fonts/ttf/STIXSizFiveSymReg.ttf
cmss10 -> /opt/hostedtoolcache/Python/3.11.16/x64/lib/python3.11/site-packages/matplotlib/mpl-data/fonts/ttf/cmss10.ttf
STIXNonUnicode -> /opt/hostedtoolcache/Python/3.11.16/x64/lib/python3.11/site-packages/matplotlib/mpl-data/fonts/ttf/STIXNonUniBolIta.ttf
STIXSizeOneSym -> /opt/hostedtoolcache/Python/3.11.16/x64/lib/python3.11/site-packages/matplotlib/mpl-data/fonts/ttf/STIXSizOneSymReg.ttf
DejaVu Serif -> /opt/hostedtoolcache/Python/3.11.16/x64/lib/python3.11/site-packages/matplotlib/mpl-data/fonts/ttf/DejaVuSerif-Italic.ttf
DejaVu Sans Mono -> /opt/hostedtoolcache/Python/3.11.16/x64/lib/python3.11/site-packages/matplotlib/mpl-data/fonts/ttf/DejaVuSansMono-Oblique.ttf
cmr10 -> /opt/hostedtoolcache/Python/3.11.16/x64/lib/python3.11/site-packages/matplotlib/mpl-data/fonts/ttf/cmr10.ttf
STIXSizeOneSym -> /opt/hostedtoolcache/Python/3.11.16/x64/lib/python3.11/site-packages/matplotlib/mpl-data/fonts/ttf/STIXSizOneSymBol.ttf
DejaVu Sans Display -> /opt/hostedtoolcache/Python/3.11.16/x64/lib/python3.11/site-packages/matplotlib/mpl-data/fonts/ttf/DejaVuSansDisplay.ttf
cmsy10 -> /opt/hostedtoolcache/Python/3.11.16/x64/lib/python3.11/site-packages/matplotlib/mpl-data/fonts/ttf/cmsy10.ttf
STIXSizeThreeSym -> /opt/hostedtoolcache/Python/3.11.16/x64/lib/python3.11/site-packages/matplotlib/mpl-data/fonts/ttf/STIXSizThreeSymReg.ttf
STIXSizeTwoSym -> /opt/hostedtoolcache/Python/3.11.16/x64/lib/python3.11/site-packages/matplotlib/mpl-data/fonts/ttf/STIXSizTwoSymBol.ttf
cmti10 -> /opt/hostedtoolcache/Python/3.11.16/x64/lib/python3.11/site-packages/matplotlib/mpl-data/fonts/ttf/cmti10.ttf
STIXNonUnicode -> /opt/hostedtoolcache/Python/3.11.16/x64/lib/python3.11/site-packages/matplotlib/mpl-data/fonts/ttf/STIXNonUniIta.ttf
STIXNonUnicode -> /opt/hostedtoolcache/Python/3.11.16/x64/lib/python3.11/site-packages/matplotlib/mpl-data/fonts/ttf/STIXNonUni.ttf
cmtt10 -> /opt/hostedtoolcache/Python/3.11.16/x64/lib/python3.11/site-packages/matplotlib/mpl-data/fonts/ttf/cmtt10.ttf
STIXSizeFourSym -> /opt/hostedtoolcache/Python/3.11.16/x64/lib/python3.11/site-packages/matplotlib/mpl-data/fonts/ttf/STIXSizFourSymBol.ttf
DejaVu Sans -> /opt/hostedtoolcache/Python/3.11.16/x64/lib/python3.11/site-packages/matplotlib/mpl-data/fonts/ttf/DejaVuSans-Bold.ttf
DejaVu Sans -> /opt/hostedtoolcache/Python/3.11.16/x64/lib/python3.11/site-packages/matplotlib/mpl-data/fonts/ttf/DejaVuSans-BoldOblique.ttf
DejaVu Sans -> /opt/hostedtoolcache/Python/3.11.16/x64/lib/python3.11/site-packages/matplotlib/mpl-data/fonts/ttf/DejaVuSans-Oblique.ttf
DejaVu Sans Mono -> /opt/hostedtoolcache/Python/3.11.16/x64/lib/python3.11/site-packages/matplotlib/mpl-data/fonts/ttf/DejaVuSansMono.ttf
DejaVu Sans -> /opt/hostedtoolcache/Python/3.11.16/x64/lib/python3.11/site-packages/matplotlib/mpl-data/fonts/ttf/DejaVuSans.ttf
cmmi10 -> /opt/hostedtoolcache/Python/3.11.16/x64/lib/python3.11/site-packages/matplotlib/mpl-data/fonts/ttf/cmmi10.ttf
STIXGeneral -> /opt/hostedtoolcache/Python/3.11.16/x64/lib/python3.11/site-packages/matplotlib/mpl-data/fonts/ttf/STIXGeneralItalic.ttf
DejaVu Serif -> /opt/hostedtoolcache/Python/3.11.16/x64/lib/python3.11/site-packages/matplotlib/mpl-data/fonts/ttf/DejaVuSerif-Bold.ttf
Lato -> /usr/share/fonts/truetype/lato/Lato-Bold.ttf
Liberation Mono -> /usr/share/fonts/truetype/liberation/LiberationMono-Bold.ttf
Lato -> /usr/share/fonts/truetype/lato/Lato-LightItalic.ttf
Lato Light -> /usr/share/fonts/truetype/lato/Lato-LightItalic.ttf
Lato -> /usr/share/fonts/truetype/lato/Lato-BlackItalic.ttf
Lato Black -> /usr/share/fonts/truetype/lato/Lato-BlackItalic.ttf
DejaVu Sans Mono -> /usr/share/fonts/truetype/dejavu/DejaVuSansMono-Oblique.ttf
Liberation Serif -> /usr/share/fonts/truetype/liberation/LiberationSerif-Regular.ttf
DejaVu Sans Mono -> /usr/share/fonts/truetype/dejavu/DejaVuSansMono.ttf
DejaVu Sans -> /usr/share/fonts/truetype/dejavu/DejaVuSansCondensed-Oblique.ttf

Preferred font find results:
findfont('Microsoft YaHei') failed: Failed to find font Microsoft YaHei:style=normal:variant=normal:weight=normal:stretch=normal:size=10.0, and fallback to the default font was disabled
findfont('Segoe UI') failed: Failed to find font Segoe UI:style=normal:variant=normal:weight=normal:stretch=normal:size=10.0, and fallback to the default font was disabled
findfont('Arial Unicode MS') failed: Failed to find font Arial Unicode MS:style=normal:variant=normal:weight=normal:stretch=normal:size=10.0, and fallback to the default font was disabled
findfont('Noto Sans CJK SC') failed: Failed to find font Noto Sans CJK SC:style=normal:variant=normal:weight=normal:stretch=normal:size=10.0, and fallback to the default font was disabled
findfont('WenQuanYi Micro Hei') failed: Failed to find font WenQuanYi Micro Hei:style=normal:variant=normal:weight=normal:stretch=normal:size=10.0, and fallback to the default font was disabled
findfont('WenQuanYi Zen Hei') failed: Failed to find font WenQuanYi Zen Hei:style=normal:variant=normal:weight=normal:stretch=normal:size=10.0, and fallback to the default font was disabled
findfont('DejaVu Sans') -> /opt/hostedtoolcache/Python/3.11.16/x64/lib/python3.11/site-packages/matplotlib/mpl-data/fonts/ttf/DejaVuSans.ttf

fc-list output sample (truncated to 10000 chars):
Liberation Mono - /usr/share/fonts/truetype/liberation/LiberationMono-Bold.ttf
Liberation Serif - /usr/share/fonts/truetype/liberation/LiberationSerif-BoldItalic.ttf
Lato,Lato Hairline - /usr/share/fonts/truetype/lato/Lato-Hairline.ttf
Lato,Lato Heavy - /usr/share/fonts/truetype/lato/Lato-Heavy.ttf
DejaVu Serif,DejaVu Serif Condensed - /usr/share/fonts/truetype/dejavu/DejaVuSerifCondensed-Italic.ttf
Lato,Lato Medium - /usr/share/fonts/truetype/lato/Lato-Medium.ttf
Lato,Lato Light - /usr/share/fonts/truetype/lato/Lato-LightItalic.ttf
DejaVu Serif - /usr/share/fonts/truetype/dejavu/DejaVuSerif-Bold.ttf
DejaVu Math TeX Gyre - /usr/share/fonts/truetype/dejavu/DejaVuMathTeXGyre.ttf
Liberation Sans - /usr/share/fonts/truetype/liberation/LiberationSans-Regular.ttf
Lato - /usr/share/fonts/truetype/lato/Lato-Italic.ttf
Liberation Sans - /usr/share/fonts/truetype/liberation/LiberationSans-Bold.ttf
Liberation Mono - /usr/share/fonts/truetype/liberation/LiberationMono-Italic.ttf
DejaVu Sans,DejaVu Sans Condensed - /usr/share/fonts/truetype/dejavu/DejaVuSansCondensed.ttf
DejaVu Serif,DejaVu Serif Condensed - /usr/share/fonts/truetype/dejavu/DejaVuSerifCondensed.ttf
Liberation Serif - /usr/share/fonts/truetype/liberation/LiberationSerif-Italic.ttf
Lato,Lato Heavy - /usr/share/fonts/truetype/lato/Lato-HeavyItalic.ttf
Lato - /usr/share/fonts/truetype/lato/Lato-BoldItalic.ttf
Lato,Lato Medium - /usr/share/fonts/truetype/lato/Lato-MediumItalic.ttf
DejaVu Serif - /usr/share/fonts/truetype/dejavu/DejaVuSerif-Italic.ttf
DejaVu Sans - /usr/share/fonts/truetype/dejavu/DejaVuSans.ttf
Lato,Lato Semibold - /usr/share/fonts/truetype/lato/Lato-SemiboldItalic.ttf
Lato,Lato Thin - /usr/share/fonts/truetype/lato/Lato-ThinItalic.ttf
DejaVu Sans,DejaVu Sans Condensed - /usr/share/fonts/truetype/dejavu/DejaVuSansCondensed-BoldOblique.ttf
Liberation Sans - /usr/share/fonts/truetype/liberation/LiberationSans-Italic.ttf
Lato,Lato Black - /usr/share/fonts/truetype/lato/Lato-BlackItalic.ttf
Lato,Lato Thin - /usr/share/fonts/truetype/lato/Lato-Thin.ttf
DejaVu Sans,DejaVu Sans Condensed - /usr/share/fonts/truetype/dejavu/DejaVuSansCondensed-Oblique.ttf
Lato,Lato Light - /usr/share/fonts/truetype/lato/Lato-Light.ttf
DejaVu Sans,DejaVu Sans Condensed - /usr/share/fonts/truetype/dejavu/DejaVuSansCondensed-Bold.ttf
DejaVu Sans Mono - /usr/share/fonts/truetype/dejavu/DejaVuSansMono-Oblique.ttf
Lato,Lato Hairline - /usr/share/fonts/truetype/lato/Lato-HairlineItalic.ttf
Lato,Lato Black - /usr/share/fonts/truetype/lato/Lato-Black.ttf
Lato - /usr/share/fonts/truetype/lato/Lato-Regular.ttf
DejaVu Sans - /usr/share/fonts/truetype/dejavu/DejaVuSans-BoldOblique.ttf
Liberation Mono - /usr/share/fonts/truetype/liberation/LiberationMono-BoldItalic.ttf
Liberation Mono - /usr/share/fonts/truetype/liberation/LiberationMono-Regular.ttf
DejaVu Sans,DejaVu Sans Light - /usr/share/fonts/truetype/dejavu/DejaVuSans-ExtraLight.ttf
DejaVu Serif - /usr/share/fonts/truetype/dejavu/DejaVuSerif.ttf
Lato - /usr/share/fonts/truetype/lato/Lato-Bold.ttf
DejaVu Sans Mono - /usr/share/fonts/truetype/dejavu/DejaVuSansMono-Bold.ttf
DejaVu Serif - /usr/share/fonts/truetype/dejavu/DejaVuSerif-BoldItalic.ttf
DejaVu Sans Mono - /usr/share/fonts/truetype/dejavu/DejaVuSansMono.ttf
Noto Color Emoji - /usr/share/fonts/truetype/noto/NotoColorEmoji.ttf
DejaVu Sans Mono - /usr/share/fonts/truetype/dejavu/DejaVuSansMono-BoldOblique.ttf
Liberation Sans - /usr/share/fonts/truetype/liberation/LiberationSans-BoldItalic.ttf
Liberation Serif - /usr/share/fonts/truetype/liberation/LiberationSerif-Regular.ttf
Lato,Lato Semibold - /usr/share/fonts/truetype/lato/Lato-Semibold.ttf
DejaVu Sans - /usr/share/fonts/truetype/dejavu/DejaVuSans-Oblique.ttf
DejaVu Serif,DejaVu Serif Condensed - /usr/share/fonts/truetype/dejavu/DejaVuSerifCondensed-Bold.ttf
DejaVu Sans - /usr/share/fonts/truetype/dejavu/DejaVuSans-Bold.ttf
Liberation Serif - /usr/share/fonts/truetype/liberation/LiberationSerif-Bold.ttf
DejaVu Serif,DejaVu Serif Condensed - /usr/share/fonts/truetype/dejavu/DejaVuSerifCondensed-BoldItalic.ttf

Running workflow script: /home/runner/work/nju_electric_monitor/nju_electric_monitor/src/nju_electric_monitor_workflow.py
[0;93m2026-09-02 21:38:08.603637941 [W:onnxruntime:Default, device_discovery.cc:146 GetPciBusId] Skipping pci_bus_id for PCI path at "/sys/devices/LNXSYSTM:00/LNXSYBUS:00/ACPI0004:00/MSFT1000:00/5620e0c7-8062-4dce-aeb7-520c7ef76171" because filename "5620e0c7-8062-4dce-aeb7-520c7ef76171" did not match expected pattern of [0-9a-f]+:[0-9a-f]+:[0-9a-f]+[.][0-9a-f]+[m
2026-09-02 21:38:09,306 - WARNING - findfont: Font family ['Noto Sans CJK SC'] not found. Falling back to DejaVu Sans.
2026-09-02 21:38:09,307 - INFO - Matplotlib 字体设置：使用回退字体列表，首选可用字体: Noto Sans CJK SC
2026-09-02 21:38:39,344 - WARNING - 使用指定 ChromeDriver 失败 (/usr/bin/chromedriver): Message: Can not connect to the Service /usr/bin/chromedriver
，尝试使用 Selenium Manager 自动管理驱动
2026-09-02 21:38:41,540 - INFO - 已切换为 Selenium Manager 自动管理的 ChromeDriver
2026-09-02 21:38:41,667 - INFO - ddddocr 识别器初始化成功
2026-09-02 21:38:41,816 - INFO - captcha-recognizer 滑块识别模型初始化成功
2026-09-02 21:38:41,816 - INFO - 开始南京大学电费监控流程（自动无头模式）
2026-09-02 21:38:41,816 - INFO - 已初始化并清空验证码图片目录: /home/runner/work/nju_electric_monitor/nju_electric_monitor/src/../data/captcha_workflow
2026-09-02 21:38:41,816 - INFO - 正在打开页面: https://epay.nju.edu.cn/epay/h5/nju/electric/index
2026-09-02 21:38:50,054 - INFO - 等待登录表单加载...
2026-09-02 21:38:50,801 - INFO - 登录表单已加载
2026-09-02 21:38:50,801 - INFO - 开始填写登录表单...
2026-09-02 21:38:50,931 - INFO - 用户名填写完成
2026-09-02 21:38:51,019 - INFO - 密码填写完成
2026-09-02 21:38:51,067 - INFO - 未检测到任何验证方式
2026-09-02 21:38:51,068 - INFO - 登录前验证方式检测: none
2026-09-02 21:38:51,068 - INFO - 未检测到传统验证码，点击登录按钮...
2026-09-02 21:38:51,068 - INFO - 查找并点击登录按钮...
2026-09-02 21:38:51,086 - INFO - 通过 ID=login_submit 找到登录按钮
2026-09-02 21:38:51,133 - INFO - 已点击登录按钮
2026-09-02 21:38:58,159 - INFO - 检测到滑块验证（sliderDiv）
2026-09-02 21:38:58,159 - INFO - 登录后验证方式检测: slider
2026-09-02 21:38:58,159 - INFO - 开始处理滑块验证...
2026-09-02 21:38:59,671 - INFO - 滑块验证第 1/3 轮尝试
2026-09-02 21:39:00,058 - INFO - 滑块缺口 box=[154,52,195,89], confidence=0.946, 截图=278px, DOM=278px, 缩放=1.00x, 拖拽偏移=154px
2026-09-02 21:39:00,058 - INFO - 滑块拖拽尝试 1/2 (偏移=154px)
2026-09-02 21:39:21,271 - INFO - 滑块验证通过（sliderDiv 元素不存在）
2026-09-02 21:39:21,271 - INFO - 滑块验证第 1 轮成功
2026-09-02 21:39:21,271 - INFO - 等待登录成功...
2026-09-02 21:39:21,279 - INFO - 检测到已跳转到电费页面: https://epay.nju.edu.cn/epay/h5/nju/electric/index
2026-09-02 21:39:21,279 - INFO - 查找'去充值'按钮...
2026-09-02 21:39:21,328 - INFO - 通过文本包含 '去充值' 找到充值按钮
2026-09-02 21:39:23,746 - INFO - 已点击充值按钮
2026-09-02 21:39:26,746 - INFO - 开始提取剩余电量信息...
2026-09-02 21:39:26,762 - INFO - 找到电量信息元素（已省略具体文本以保护隐私）
2026-09-02 21:39:26,762 - WARNING - 未在元素中找到标准格式的电量信息
2026-09-02 21:39:26,772 - INFO - 找到 i 标签中的电量信息（已省略具体文本）
2026-09-02 21:39:26,772 - WARNING - i标签中未找到标准格式的电量信息
2026-09-02 21:39:26,772 - WARNING - 未找到i标签中的电量信息
2026-09-02 21:39:26,775 - INFO - 在页面源码中查找电量信息...
2026-09-02 21:39:26,775 - INFO - 从页面源码中提取到剩余电量: 245.79 度
2026-09-02 21:39:26,784 - INFO - 数据已保存: 245.79 度
2026-09-02 21:39:26,808 - WARNING - findfont: Font family 'Noto Sans CJK SC' not found.
2026-09-02 21:39:26,809 - WARNING - findfont: Font family 'Noto Sans CJK SC' not found.
2026-09-02 21:39:26,823 - WARNING - findfont: Font family 'Noto Sans CJK SC' not found.
2026-09-02 21:39:26,824 - WARNING - findfont: Font family 'Noto Sans CJK SC' not found.
2026-09-02 21:39:26,828 - WARNING - findfont: Font family 'Noto Sans CJK SC' not found.
2026-09-02 21:39:26,829 - WARNING - findfont: Font family 'Noto Sans CJK SC' not found.
2026-09-02 21:39:26,830 - WARNING - findfont: Font family 'Noto Sans CJK SC' not found.
2026-09-02 21:39:26,832 - WARNING - findfont: Font family 'Noto Sans CJK SC' not found.
2026-09-02 21:39:26,837 - WARNING - findfont: Font family 'Noto Sans CJK SC' not found.
2026-09-02 21:39:26,840 - WARNING - findfont: Font family 'Noto Sans CJK SC' not found.
2026-09-02 21:39:26,843 - WARNING - findfont: Font family 'Noto Sans CJK SC' not found.
2026-09-02 21:39:26,844 - WARNING - findfont: Font family 'Noto Sans CJK SC' not found.
2026-09-02 21:39:26,844 - WARNING - findfont: Font family 'Noto Sans CJK SC' not found.
2026-09-02 21:39:26,850 - WARNING - findfont: Font family 'Noto Sans CJK SC' not found.
2026-09-02 21:39:26,850 - WARNING - findfont: Font family 'Noto Sans CJK SC' not found.
2026-09-02 21:39:26,856 - WARNING - findfont: Font family 'Noto Sans CJK SC' not found.
2026-09-02 21:39:26,861 - WARNING - findfont: Font family 'Noto Sans CJK SC' not found.
2026-09-02 21:39:26,861 - WARNING - findfont: Font family 'Noto Sans CJK SC' not found.
2026-09-02 21:39:26,865 - WARNING - findfont: Font family 'Noto Sans CJK SC' not found.
2026-09-02 21:39:26,868 - WARNING - findfont: Font family 'Noto Sans CJK SC' not found.
2026-09-02 21:39:26,871 - WARNING - findfont: Font family 'Noto Sans CJK SC' not found.
2026-09-02 21:39:26,871 - WARNING - findfont: Font family 'Noto Sans CJK SC' not found.
2026-09-02 21:39:26,872 - WARNING - findfont: Font family 'Noto Sans CJK SC' not found.
2026-09-02 21:39:26,882 - WARNING - findfont: Font family 'Noto Sans CJK SC' not found.
2026-09-02 21:39:26,882 - WARNING - findfont: Font family 'Noto Sans CJK SC' not found.
2026-09-02 21:39:26,884 - WARNING - findfont: Font family 'Noto Sans CJK SC' not found.
2026-09-02 21:39:26,884 - WARNING - findfont: Font family 'Noto Sans CJK SC' not found.
2026-09-02 21:39:26,906 - WARNING - findfont: Font family 'Noto Sans CJK SC' not found.
2026-09-02 21:39:26,906 - WARNING - findfont: Font family 'Noto Sans CJK SC' not found.
2026-09-02 21:39:26,907 - WARNING - findfont: Font family 'Noto Sans CJK SC' not found.
2026-09-02 21:39:26,919 - WARNING - findfont: Font family 'Noto Sans CJK SC' not found.
2026-09-02 21:39:26,919 - WARNING - findfont: Font family 'Noto Sans CJK SC' not found.
2026-09-02 21:39:26,923 - WARNING - findfont: Font family 'Noto Sans CJK SC' not found.
2026-09-02 21:39:26,923 - WARNING - findfont: Font family 'Noto Sans CJK SC' not found.
2026-09-02 21:39:26,988 - WARNING - findfont: Font family 'Noto Sans CJK SC' not found.
2026-09-02 21:39:26,988 - WARNING - findfont: Font family 'Noto Sans CJK SC' not found.
2026-09-02 21:39:26,990 - WARNING - findfont: Font family 'Noto Sans CJK SC' not found.
2026-09-02 21:39:26,990 - WARNING - findfont: Font family 'Noto Sans CJK SC' not found.
2026-09-02 21:39:27,012 - WARNING - findfont: Font family 'Noto Sans CJK SC' not found.
2026-09-02 21:39:27,013 - WARNING - findfont: Font family 'Noto Sans CJK SC' not found.
2026-09-02 21:39:27,014 - WARNING - findfont: Font family 'Noto Sans CJK SC' not found.
2026-09-02 21:39:27,026 - WARNING - findfont: Font family 'Noto Sans CJK SC' not found.
2026-09-02 21:39:27,026 - WARNING - findfont: Font family 'Noto Sans CJK SC' not found.
2026-09-02 21:39:27,030 - WARNING - findfont: Font family 'Noto Sans CJK SC' not found.
2026-09-02 21:39:27,030 - WARNING - findfont: Font family 'Noto Sans CJK SC' not found.
2026-09-02 21:39:27,032 - INFO - 电量变化曲线图已保存到: /home/runner/work/nju_electric_monitor/nju_electric_monitor/src/../data/electricity_trend.png
2026-09-02 21:39:27,272 - INFO - 最近20次电量变化曲线图已保存到: /home/runner/work/nju_electric_monitor/nju_electric_monitor/src/../data/recent_20_changes.png
2026-09-02 21:39:27,272 - INFO - 当前剩余电量 245.79 度，高于告警阈值 30.0 度，不发送邮件
2026-09-02 21:39:27,272 - INFO - 监控流程完成
Wrapper end: 2026-09-03T05:39:27.500892+08:00
